{
  "Id": 0,
  "Timestamp": 1652995127,
  "IsTop": true,
  "TriggerValue": 95,
  "LimitValue": 80
}