{
  "Id": 0,
  "Timestamp": 1652995127,
  "IsTop": false,
  "TriggerValue": 5,
  "LimitValue": 10
}